D:\GAMES\Star Trek\Elite Force II\Server EF2\base\coop_mod\maps\coop_alien.script
D:\GAMES\Star Trek\Elite Force II\Server EF2\base\coop_mod\maps\coop_blArena.script
D:\GAMES\Star Trek\Elite Force II\Server EF2\base\coop_mod\maps\coop_bugs.script
D:\GAMES\Star Trek\Elite Force II\Server EF2\base\coop_mod\maps\coop_gbs1.script
D:\GAMES\Star Trek\Elite Force II\Server EF2\base\coop_mod\maps\coop_gbs10.script
D:\GAMES\Star Trek\Elite Force II\Server EF2\base\coop_mod\maps\coop_gbs11.script
D:\GAMES\Star Trek\Elite Force II\Server EF2\base\coop_mod\maps\coop_gbs2.script
D:\GAMES\Star Trek\Elite Force II\Server EF2\base\coop_mod\maps\coop_gbs3.script
D:\GAMES\Star Trek\Elite Force II\Server EF2\base\coop_mod\maps\coop_gbs4.script
D:\GAMES\Star Trek\Elite Force II\Server EF2\base\coop_mod\maps\coop_gbs5.script
D:\GAMES\Star Trek\Elite Force II\Server EF2\base\coop_mod\maps\coop_gbs6.script
D:\GAMES\Star Trek\Elite Force II\Server EF2\base\coop_mod\maps\coop_gbs7.script
D:\GAMES\Star Trek\Elite Force II\Server EF2\base\coop_mod\maps\coop_gbs8.script
D:\GAMES\Star Trek\Elite Force II\Server EF2\base\coop_mod\maps\coop_gbs9.script
D:\GAMES\Star Trek\Elite Force II\Server EF2\base\coop_mod\maps\coop_gbsCredits.script
D:\GAMES\Star Trek\Elite Force II\Server EF2\base\coop_mod\maps\coop_hatoriaOutpost.script
D:\GAMES\Star Trek\Elite Force II\Server EF2\base\coop_mod\maps\coop_iceStation.script
D:\GAMES\Star Trek\Elite Force II\Server EF2\base\coop_mod\maps\coop_noscript_example.script
D:\GAMES\Star Trek\Elite Force II\Server EF2\base\coop_mod\maps\coop_paradiseIsland.script
D:\GAMES\Star Trek\Elite Force II\Server EF2\base\coop_mod\maps\coop_paradiseIsland2.script
D:\GAMES\Star Trek\Elite Force II\Server EF2\base\coop_mod\maps\coop_rescueChell.script
D:\GAMES\Star Trek\Elite Force II\Server EF2\base\coop_mod\maps\coop_rotec1.script
D:\GAMES\Star Trek\Elite Force II\Server EF2\base\coop_mod\maps\coop_rotec2.script
D:\GAMES\Star Trek\Elite Force II\Server EF2\base\coop_mod\maps\coop_rotec3.script
D:\GAMES\Star Trek\Elite Force II\Server EF2\base\coop_mod\maps\coop_rotec4.script
D:\GAMES\Star Trek\Elite Force II\Server EF2\base\coop_mod\maps\credits.script
D:\GAMES\Star Trek\Elite Force II\Server EF2\base\coop_mod\maps\ef2_minigame2.script
D:\GAMES\Star Trek\Elite Force II\Server EF2\base\coop_mod\maps\ent-deck1_bridge.script
D:\GAMES\Star Trek\Elite Force II\Server EF2\base\coop_mod\maps\ent-deck11.script
D:\GAMES\Star Trek\Elite Force II\Server EF2\base\coop_mod\maps\ent-deck7a.script
D:\GAMES\Star Trek\Elite Force II\Server EF2\base\coop_mod\maps\ent-deck7b.script
D:\GAMES\Star Trek\Elite Force II\Server EF2\base\coop_mod\maps\ent-deck7c.script
D:\GAMES\Star Trek\Elite Force II\Server EF2\base\coop_mod\maps\ent-deck8.script
D:\GAMES\Star Trek\Elite Force II\Server EF2\base\coop_mod\maps\ent-training_weap1.script
D:\GAMES\Star Trek\Elite Force II\Server EF2\base\coop_mod\maps\ent-training_weap2.script
D:\GAMES\Star Trek\Elite Force II\Server EF2\base\coop_mod\maps\ent-training_weap3.script
D:\GAMES\Star Trek\Elite Force II\Server EF2\base\coop_mod\maps\ent-training_weap4.script
D:\GAMES\Star Trek\Elite Force II\Server EF2\base\coop_mod\maps\ent-training1.script
D:\GAMES\Star Trek\Elite Force II\Server EF2\base\coop_mod\maps\ent-training2.script
D:\GAMES\Star Trek\Elite Force II\Server EF2\base\coop_mod\maps\ent-training3.script
D:\GAMES\Star Trek\Elite Force II\Server EF2\base\coop_mod\maps\ent-training4.script
D:\GAMES\Star Trek\Elite Force II\Server EF2\base\coop_mod\maps\m0-intro.script
D:\GAMES\Star Trek\Elite Force II\Server EF2\base\coop_mod\maps\m10l1-romulan_installation.script
D:\GAMES\Star Trek\Elite Force II\Server EF2\base\coop_mod\maps\m10l2a-romulan_installation.script
D:\GAMES\Star Trek\Elite Force II\Server EF2\base\coop_mod\maps\m10l2b-romulan_installation.script
D:\GAMES\Star Trek\Elite Force II\Server EF2\base\coop_mod\maps\m11l1a-drull_ruins3.script
D:\GAMES\Star Trek\Elite Force II\Server EF2\base\coop_mod\maps\m11l2a-drull_ruins3.script
D:\GAMES\Star Trek\Elite Force II\Server EF2\base\coop_mod\maps\m11l3a-drull_ruins3_boss.script
D:\GAMES\Star Trek\Elite Force II\Server EF2\base\coop_mod\maps\m11l3b-drull_ruins3_boss.script
D:\GAMES\Star Trek\Elite Force II\Server EF2\base\coop_mod\maps\m12-end.script
D:\GAMES\Star Trek\Elite Force II\Server EF2\base\coop_mod\maps\m1l1a-borg_sphere.script
D:\GAMES\Star Trek\Elite Force II\Server EF2\base\coop_mod\maps\m1l1b-borg_sphere.script
D:\GAMES\Star Trek\Elite Force II\Server EF2\base\coop_mod\maps\m1l1c-borg_sphere.script
D:\GAMES\Star Trek\Elite Force II\Server EF2\base\coop_mod\maps\m1l2a-borg_sphere.script
D:\GAMES\Star Trek\Elite Force II\Server EF2\base\coop_mod\maps\m1l2b-borg_sphere.script
D:\GAMES\Star Trek\Elite Force II\Server EF2\base\coop_mod\maps\m1l2c-borg_sphere.script
D:\GAMES\Star Trek\Elite Force II\Server EF2\base\coop_mod\maps\m1l3-borg_boss.script
D:\GAMES\Star Trek\Elite Force II\Server EF2\base\coop_mod\maps\m2l0-sfa.script
D:\GAMES\Star Trek\Elite Force II\Server EF2\base\coop_mod\maps\m2l1-sfa.script
D:\GAMES\Star Trek\Elite Force II\Server EF2\base\coop_mod\maps\m2l2-sfa.script
D:\GAMES\Star Trek\Elite Force II\Server EF2\base\coop_mod\maps\m3l1a-forever.script
D:\GAMES\Star Trek\Elite Force II\Server EF2\base\coop_mod\maps\m3l1b-forever.script
D:\GAMES\Star Trek\Elite Force II\Server EF2\base\coop_mod\maps\m3l2-forever.script
D:\GAMES\Star Trek\Elite Force II\Server EF2\base\coop_mod\maps\m4l1a-attrexian_station.script
D:\GAMES\Star Trek\Elite Force II\Server EF2\base\coop_mod\maps\m4l1b-attrexian_station.script
D:\GAMES\Star Trek\Elite Force II\Server EF2\base\coop_mod\maps\m4l2b-attrexian_station.script
D:\GAMES\Star Trek\Elite Force II\Server EF2\base\coop_mod\maps\m5l1a-drull_ruins1.script
D:\GAMES\Star Trek\Elite Force II\Server EF2\base\coop_mod\maps\m5l1b-drull_ruins1.script
D:\GAMES\Star Trek\Elite Force II\Server EF2\base\coop_mod\maps\m5l2a-drull_ruins1.script
D:\GAMES\Star Trek\Elite Force II\Server EF2\base\coop_mod\maps\m5l2b-drull_ruins1.script
D:\GAMES\Star Trek\Elite Force II\Server EF2\base\coop_mod\maps\m5l2c-drull_ruins1.script
D:\GAMES\Star Trek\Elite Force II\Server EF2\base\coop_mod\maps\m6-deck1_bridge_redalert.script
D:\GAMES\Star Trek\Elite Force II\Server EF2\base\coop_mod\maps\m6-deck16_engineering.script
D:\GAMES\Star Trek\Elite Force II\Server EF2\base\coop_mod\maps\m6-deck8_redalert.script
D:\GAMES\Star Trek\Elite Force II\Server EF2\base\coop_mod\maps\m6-exterior.script
D:\GAMES\Star Trek\Elite Force II\Server EF2\base\coop_mod\maps\m6l0-attack.script
D:\GAMES\Star Trek\Elite Force II\Server EF2\base\coop_mod\maps\m7l1a-attrexian_colony.script
D:\GAMES\Star Trek\Elite Force II\Server EF2\base\coop_mod\maps\m7l1b-attrexian_colony.script
D:\GAMES\Star Trek\Elite Force II\Server EF2\base\coop_mod\maps\m7l2a-attrexian_colony.script
D:\GAMES\Star Trek\Elite Force II\Server EF2\base\coop_mod\maps\m7l2b-attrexian_colony.script
D:\GAMES\Star Trek\Elite Force II\Server EF2\base\coop_mod\maps\m7l2c-attrexian_colony.script
D:\GAMES\Star Trek\Elite Force II\Server EF2\base\coop_mod\maps\m8l1a-drull_ruins2.script
D:\GAMES\Star Trek\Elite Force II\Server EF2\base\coop_mod\maps\m8l1b-drull_ruins2.script
D:\GAMES\Star Trek\Elite Force II\Server EF2\base\coop_mod\maps\m8l2a-drull_ruins2.script
D:\GAMES\Star Trek\Elite Force II\Server EF2\base\coop_mod\maps\m8l2b-drull_ruins2.script
D:\GAMES\Star Trek\Elite Force II\Server EF2\base\coop_mod\maps\m9l1a-klingon_base.script
D:\GAMES\Star Trek\Elite Force II\Server EF2\base\coop_mod\maps\m9l1b-klingon_base.script
D:\GAMES\Star Trek\Elite Force II\Server EF2\base\coop_mod\maps\m9l2-klingon_base.script
D:\GAMES\Star Trek\Elite Force II\Server EF2\base\coop_mod\maps\secret1.script
D:\GAMES\Star Trek\Elite Force II\Server EF2\base\coop_mod\maps\secret2.script
D:\GAMES\Star Trek\Elite Force II\Server EF2\base\coop_mod\maps\secret3.script
D:\GAMES\Star Trek\Elite Force II\Server EF2\base\coop_mod\maps\testMorph.script
D:\GAMES\Star Trek\Elite Force II\Server EF2\base\coop_mod\maps\zoo1.script
D:\GAMES\Star Trek\Elite Force II\Server EF2\base\coop_mod\maps\coop_bugs\beam.script
D:\GAMES\Star Trek\Elite Force II\Server EF2\base\coop_mod\maps\coop_bugs\bomb.script
D:\GAMES\Star Trek\Elite Force II\Server EF2\base\coop_mod\maps\coop_bugs\bugplants.script
D:\GAMES\Star Trek\Elite Force II\Server EF2\base\coop_mod\maps\coop_bugs\cinematic.script
D:\GAMES\Star Trek\Elite Force II\Server EF2\base\coop_mod\maps\coop_bugs\datapad.script
D:\GAMES\Star Trek\Elite Force II\Server EF2\base\coop_mod\maps\coop_bugs\declaration.script
D:\GAMES\Star Trek\Elite Force II\Server EF2\base\coop_mod\maps\coop_bugs\enhancer.script
D:\GAMES\Star Trek\Elite Force II\Server EF2\base\coop_mod\maps\coop_bugs\enterprise.script
D:\GAMES\Star Trek\Elite Force II\Server EF2\base\coop_mod\maps\coop_bugs\lift.script
D:\GAMES\Star Trek\Elite Force II\Server EF2\base\coop_mod\maps\coop_bugs\lights.script
D:\GAMES\Star Trek\Elite Force II\Server EF2\base\coop_mod\maps\coop_bugs\multioptions.script
D:\GAMES\Star Trek\Elite Force II\Server EF2\base\coop_mod\maps\coop_bugs\objective.script
D:\GAMES\Star Trek\Elite Force II\Server EF2\base\coop_mod\maps\coop_bugs\pods.script
D:\GAMES\Star Trek\Elite Force II\Server EF2\base\coop_mod\maps\coop_bugs\pyramid.script
D:\GAMES\Star Trek\Elite Force II\Server EF2\base\coop_mod\maps\coop_bugs\request.script
D:\GAMES\Star Trek\Elite Force II\Server EF2\base\coop_mod\maps\coop_bugs\setup.script
D:\GAMES\Star Trek\Elite Force II\Server EF2\base\coop_mod\maps\coop_bugs\singleplayer.script
D:\GAMES\Star Trek\Elite Force II\Server EF2\base\coop_mod\maps\coop_bugs\staudamm.script
D:\GAMES\Star Trek\Elite Force II\Server EF2\base\coop_mod\maps\coop_gbs\attackplayer.scr
D:\GAMES\Star Trek\Elite Force II\Server EF2\base\coop_mod\maps\coop_hatoriaOutpost\aquarium.script
D:\GAMES\Star Trek\Elite Force II\Server EF2\base\coop_mod\maps\coop_hatoriaOutpost\badezimmer.script
D:\GAMES\Star Trek\Elite Force II\Server EF2\base\coop_mod\maps\coop_hatoriaOutpost\basement.script
D:\GAMES\Star Trek\Elite Force II\Server EF2\base\coop_mod\maps\coop_hatoriaOutpost\blitz.script
D:\GAMES\Star Trek\Elite Force II\Server EF2\base\coop_mod\maps\coop_hatoriaOutpost\declarations.script
D:\GAMES\Star Trek\Elite Force II\Server EF2\base\coop_mod\maps\coop_hatoriaOutpost\dinner.script
D:\GAMES\Star Trek\Elite Force II\Server EF2\base\coop_mod\maps\coop_hatoriaOutpost\dynlight.script
D:\GAMES\Star Trek\Elite Force II\Server EF2\base\coop_mod\maps\coop_hatoriaOutpost\fallschirmspringer.script
D:\GAMES\Star Trek\Elite Force II\Server EF2\base\coop_mod\maps\coop_hatoriaOutpost\hallway.script
D:\GAMES\Star Trek\Elite Force II\Server EF2\base\coop_mod\maps\coop_hatoriaOutpost\headmaster.script
D:\GAMES\Star Trek\Elite Force II\Server EF2\base\coop_mod\maps\coop_hatoriaOutpost\holodeck.script
D:\GAMES\Star Trek\Elite Force II\Server EF2\base\coop_mod\maps\coop_hatoriaOutpost\inflight.script
D:\GAMES\Star Trek\Elite Force II\Server EF2\base\coop_mod\maps\coop_hatoriaOutpost\landingplatform.script
D:\GAMES\Star Trek\Elite Force II\Server EF2\base\coop_mod\maps\coop_hatoriaOutpost\legacy.script
D:\GAMES\Star Trek\Elite Force II\Server EF2\base\coop_mod\maps\coop_hatoriaOutpost\mom_replicator.script
D:\GAMES\Star Trek\Elite Force II\Server EF2\base\coop_mod\maps\coop_hatoriaOutpost\objectives.script
D:\GAMES\Star Trek\Elite Force II\Server EF2\base\coop_mod\maps\coop_hatoriaOutpost\replicator.script
D:\GAMES\Star Trek\Elite Force II\Server EF2\base\coop_mod\maps\coop_hatoriaOutpost\shuttle.script
D:\GAMES\Star Trek\Elite Force II\Server EF2\base\coop_mod\maps\coop_hatoriaOutpost\singleplayer.script
D:\GAMES\Star Trek\Elite Force II\Server EF2\base\coop_mod\maps\coop_hatoriaOutpost\tower.script
D:\GAMES\Star Trek\Elite Force II\Server EF2\base\coop_mod\maps\coop_hatoriaOutpost\warehouse.script
D:\GAMES\Star Trek\Elite Force II\Server EF2\base\coop_mod\maps\coop_paradiseIsland2\boxes.script
D:\GAMES\Star Trek\Elite Force II\Server EF2\base\coop_mod\maps\coop_paradiseIsland2\bridge1.script
D:\GAMES\Star Trek\Elite Force II\Server EF2\base\coop_mod\maps\coop_paradiseIsland2\bridge2.script
D:\GAMES\Star Trek\Elite Force II\Server EF2\base\coop_mod\maps\coop_paradiseIsland2\castle.script
D:\GAMES\Star Trek\Elite Force II\Server EF2\base\coop_mod\maps\coop_paradiseIsland2\declarations.script
D:\GAMES\Star Trek\Elite Force II\Server EF2\base\coop_mod\maps\coop_paradiseIsland2\fallschirmspringer.script
D:\GAMES\Star Trek\Elite Force II\Server EF2\base\coop_mod\maps\coop_paradiseIsland2\forceFields.script
D:\GAMES\Star Trek\Elite Force II\Server EF2\base\coop_mod\maps\coop_paradiseIsland2\mines.script
D:\GAMES\Star Trek\Elite Force II\Server EF2\base\coop_mod\maps\coop_paradiseIsland2\rocks.script
D:\GAMES\Star Trek\Elite Force II\Server EF2\base\coop_mod\maps\coop_paradiseIsland2\romulanShuttle.script
D:\GAMES\Star Trek\Elite Force II\Server EF2\base\coop_mod\maps\coop_paradiseIsland2\singleplayer.script
